1771650350,26,Bocchi the Rock Episode 10,https://video.wixstatic.com/video/179b61_f3f7418b0f534d4588cc2ddfc0439fac/1080p/mp4/file.mp4,133
1771650418,45,Kage no Jitsuryokusha ni Naritakute Episode 1,https://video.wixstatic.com/video/a67b0c_658272a3d715447fb71d2219f43b506f/1080p/mp4/file.mp4,152
1771650534,45,Kage no Jitsuryokusha ni Naritakute Episode 2,https://tools.fast4speed.rsvp//media9/videos/YeWtc8REZAGKPeb6q/sub/2?v=27,133
1771650901,45,Kage no Jitsuryokusha ni Naritakute Episode 3,https://video.wixstatic.com/video/c8db76_eb53ea0980014d16a7b8beb84584ebaf/1080p/mp4/file.mp4,152
1771650928,45,Kage no Jitsuryokusha ni Naritakute Episode 4,https://video.wixstatic.com/video/1bbb3e_36a53f26a70f4e0d9574ea778ff8091c/1080p/mp4/file.mp4,152
1771681448,66,Yuushakei ni Shosu Choubatsu Yuusha 9004tai Keimu Kiroku Episode 1,https://tools.fast4speed.rsvp//media9/videos/kSPn49uPxHaLzGxWw/sub/1_1767448016136?v=0.9,169
1771684903,66,Yuushakei ni Shosu Choubatsu Yuusha 9004tai Keimu Kiroku Episode 2,https://tools.fast4speed.rsvp//media9/videos/kSPn49uPxHaLzGxWw/sub/2_1768483943621?v=0.9,169
1771686412,66,Yuushakei ni Shosu Choubatsu Yuusha 9004tai Keimu Kiroku Episode 3,https://tools.fast4speed.rsvp//media9/videos/kSPn49uPxHaLzGxWw/sub/3_1769089219994?v=0.9,169
1771691636,66,Yuushakei ni Shosu Choubatsu Yuusha 9004tai Keimu Kiroku Episode 4,https://tools.fast4speed.rsvp//media9/videos/kSPn49uPxHaLzGxWw/sub/4_1769695832834?v=0.9,169
1771693065,66,Yuushakei ni Shosu Choubatsu Yuusha 9004tai Keimu Kiroku Episode 5,https://fogtwist21.xyz/_v7/002a11e7e275aab37411434228c1f7ca7e46df33b38b26d65c3366be5c98ade69a152072fbde26c745955aaf5a67ab2e74dc0be49959b9bbf3cf67e979e46204c8da3b9883ef4af57a3d6b7ce76fdcfc6ca609cd15e53370e98bfdd7efb8ba625970880bc518dbaa24babee5ef3627362a838ed0ece08e63364897d0e9349497/index-f1-v1-a1.m3u8,384
1771694475,66,Yuushakei ni Shosu Choubatsu Yuusha 9004tai Keimu Kiroku Episode 6,https://tools.fast4speed.rsvp//media9/videos/kSPn49uPxHaLzGxWw/sub/6_1770903622420?v=0.9,169
1771695803,66,Yuushakei ni Shosu Choubatsu Yuusha 9004tai Keimu Kiroku Episode 7,https://tools.fast4speed.rsvp//media9/videos/kSPn49uPxHaLzGxWw/sub/7_1771508417752?v=0.9,169
1771701931,50,Jingai Kyoushitsu no Ningengirai Kyoushi Episode 7,https://tools.fast4speed.rsvp//media9/videos/hewz7kp7BZycFnCnt/sub/7_1771688897715?v=0.9,153
1771715256,54,Shi Cao Lao Long Bei Guan Yi E Long Zhi Ming Episode 1,https://lightningspark77.pro/_v7/dcd4964460de8708f22f97d8fe078440f52ff1addaa4c3c9fcf151711fdc65123920469fcd886c47cfc6bd62de773073abe58922de2dd06973cd2d8945664bbbbe8f236fa4167606f8d817e023f189e81c45ec1150b2977515b72476818a4cfcab94a3a723543dcc7da2ae21bedca3b1e98ec8b7ddbcc0c46584cec345708538/index-f1-v1-a1.m3u8,378
1771716098,54,Shi Cao Lao Long Bei Guan Yi E Long Zhi Ming Episode 2,https://tools.fast4speed.rsvp//media6/videos/ugFXPFQW8kvLocZgx/sub/2,137
1771723665,54,Shi Cao Lao Long Bei Guan Yi E Long Zhi Ming Episode 3,https://video.wixstatic.com/video/dd4ca3_339b01f67f65494582beec2fb8d2b608/1080p/mp4/file.mp4,161
1771736062,54,Shi Cao Lao Long Bei Guan Yi E Long Zhi Ming Episode 4,https://video.wixstatic.com/video/b4b72a_4d35c84e1428409db0af4ea96a69da54/1080p/mp4/file.mp4,161
1771781720,71,Kizoku Tensei Megumareta Umare kara Saikyou no Chikara wo Eru Episode 8,https://stormshade84.live/_v7/aa384b8601d51f87b5c4bb3e422743cccadd49d945802ebc13bf1028e7338526cbba320fbbe59886a30b505c445d5953a94c20386b3bee7ad8c6ef424e1e4833057a0b1ba9d04b71d73a9e4c218ea69a4d62a5c69fe6da3cec3a51b4750e79710ece0f494f7e9e953c8986a66c194e15e2bf58e33d881c108410cb9d3780dbc9/index-f1-v1-a1.m3u8,392
1771782995,38,Majutsushi Kunon wa Mieteiru Episode 9,https://tools.fast4speed.rsvp//media9/videos/HBSB59ZzAMYMkLn3k/sub/9_1771769295977?v=1,139
1771812888,22,Dead Account Episode 7,https://tools.fast4speed.rsvp//media9/videos/N8vfYWogK5con2DzL/sub/7_1771686497456?v=1,123
1771814211,29,Jigokuraku Season 2 Episode 7,https://tools.fast4speed.rsvp//media9/videos/SotouH8PudXAr27E2/sub/7_1771774026423?v=0.9,132
1771822452,29,Mayonaka Heart Tune Episode 1,https://tools.fast4speed.rsvp//media9/videos/3s6XmwMhDJvS9dZ62/sub/1_1767714874796?v=1,130
1771823885,29,Mayonaka Heart Tune Episode 2,https://tools.fast4speed.rsvp//media9/videos/3s6XmwMhDJvS9dZ62/sub/2_1768313299846?v=1,130
1771825102,29,Mayonaka Heart Tune Episode 3,https://tools.fast4speed.rsvp//media9/videos/3s6XmwMhDJvS9dZ62/sub/3_1768918111694?v=1,130
1771861903,29,Mayonaka Heart Tune Episode 4,https://rainveil36.xyz/_v7/07280369251771958a2e29804dd4dd5577773004615f4490fef0d3dc87cf03c0cd50036407ff73cd27b99fb395bf24e78ed3cea686e9ee11295bf627f8b2968a29792e0347f9a409d8b845a574a2f20b7491b658a114c984265f641cafc0fefd74d7fa1c29688cc2a9d11fd80cc9d580a34eab6ff5e4d980683f9bac5a6683c7/index-f1-v1-a1.m3u8,347
1771863169,29,Mayonaka Heart Tune Episode 5,https://tools.fast4speed.rsvp//media9/videos/3s6XmwMhDJvS9dZ62/sub/5_1770127697446?v=1,130
1771864364,29,Mayonaka Heart Tune Episode 6,https://stormshade84.live/_v7/a665df295cc266e869875cb4b4cee9f691dd5a0673830437ee17a9e303b7bca7859f8f51b70c51ced32090a0cc27aab08223981b9abb8c1234e574422ecad6cee8e4e02c4c108f2c669531fb07be4ca579d720d5f321b1b372bc5e875d987dad5d60fcc48b59dcec42179104394c21fa897041cdf0084be81cea8436feb44ebc/index-f1-v1-a1.m3u8,350
1771867514,29,Mayonaka Heart Tune Episode 7,https://tools.fast4speed.rsvp//media9/videos/3s6XmwMhDJvS9dZ62/sub/7_1771337537150?v=1,130
1771944063,29,Mayonaka Heart Tune Episode 8,https://tools.fast4speed.rsvp//media9/videos/3s6XmwMhDJvS9dZ62/sub/8_1771942345212?v=1,130
1772039275,48,Yuusha Party wo Oidasareta Kiyoubinbou Episode 9,https://tools.fast4speed.rsvp//media9/videos/3At7MvfG8rxueDkXv/sub/9_1772032580782?v=1,149
1772039330,48,Yuusha Party wo Oidasareta Kiyoubinbou Episode 9,https://tools.fast4speed.rsvp//media9/videos/3At7MvfG8rxueDkXv/sub/9_1772032580782?v=1,149
1772039450,,,/home/ryfenri/Videos/Animes/Bocchi the Rock Episode 7.mp4,70
1772039547,,,/home/ryfenri/Videos/Animes/Bocchi the Rock Episode 7.mp4,70
1772039667,,,/home/ryfenri/Videos/Animes/Bocchi the Rock Episode 7.mp4,70
1772039685,,,/home/ryfenri/Videos/Animes/Bocchi the Rock Episode 7.mp4,70
1772039754,,,/home/ryfenri/Videos/Animes/Bocchi the Rock Episode 7.mp4,70
1772040125,48,Yuusha Party wo Oidasareta Kiyoubinbou Episode 9,https://tools.fast4speed.rsvp//media9/videos/3At7MvfG8rxueDkXv/sub/9_1772032580782?v=1,149
1772040634,48,Yuusha Party wo Oidasareta Kiyoubinbou Episode 9,https://tools.fast4speed.rsvp//media9/videos/3At7MvfG8rxueDkXv/sub/9_1772032580782?v=1,149
1772040671,,,/home/ryfenri/Videos/Animes/Bocchi the Rock Episode 7.mp4,70
1772040698,48,Yuusha Party wo Oidasareta Kiyoubinbou Episode 9,https://tools.fast4speed.rsvp//media9/videos/3At7MvfG8rxueDkXv/sub/9_1772032580782?v=1,149
1772040964,48,Yuusha Party wo Oidasareta Kiyoubinbou Episode 9,https://tools.fast4speed.rsvp//media9/videos/3At7MvfG8rxueDkXv/sub/9_1772032580782?v=1,149
1772041158,,,/home/ryfenri/Videos/Animes/Bocchi the Rock Episode 7.mp4,70
1772041194,48,Yuusha Party wo Oidasareta Kiyoubinbou Episode 9,https://tools.fast4speed.rsvp//media9/videos/3At7MvfG8rxueDkXv/sub/9_1772032580782?v=1,149
1772042000,38,Shibou Yuugi de Meshi wo Kuu Episode 8,https://tools.fast4speed.rsvp//media9/videos/sFqyaeH5CEPKhz4EL/sub/8_1772030539247?v=0.9,141
1772042032,118,Okiraku Ryoushu no Tanoshii Ryouchi Bouei Seisankei Majutsu de Na mo Naki Mura wo Saikyou no Jousai Toshi ni Episode 8,https://tools.fast4speed.rsvp//media9/videos/Hhh2gPdPNY7DkCJPh/sub/8_1772025037400?v=1,220
1772066049,21,Overlord IV Episode 1,https://tools.fast4speed.rsvp//media9/videos/8QmfuieDgpexMXjFb/sub/1?v=22,109
1772100366,55,Tensei Oujo to Tensai Reijou no Mahou Kakumei Episode 1,https://tools.fast4speed.rsvp//media7/videos/Z6PNbEn378pmGhMAQ/sub/1,138
1772100815,55,Tensei Oujo to Tensai Reijou no Mahou Kakumei Episode 2,https://tools.fast4speed.rsvp//media7/videos/Z6PNbEn378pmGhMAQ/sub/2,138
1772101123,55,Tensei Oujo to Tensai Reijou no Mahou Kakumei Episode 4,https://tools.fast4speed.rsvp//media7/videos/Z6PNbEn378pmGhMAQ/sub/4,138
1772101151,55,Tensei Oujo to Tensai Reijou no Mahou Kakumei Episode 4,https://tools.fast4speed.rsvp//media7/videos/Z6PNbEn378pmGhMAQ/sub/4,138
1772101427,55,Tensei Oujo to Tensai Reijou no Mahou Kakumei Episode 5,https://tools.fast4speed.rsvp//media7/videos/Z6PNbEn378pmGhMAQ/sub/5,138
1772101570,55,Tensei Oujo to Tensai Reijou no Mahou Kakumei Episode 6,https://fogtwist21.xyz/_v7/31d19b17e8a663622761b628f8a0217ec1c9c959366339d7275a0defb482a785f39d2899857fc19914defb802d7c95eac36e76d8a920d83c8242732eb371dbcc649697f602102f039a2047677f53130c49874d7ee6b703b4d97473103ec562d24d55eaf3749166dc3dd789e60be5e61a29cd75c6b61add645d651eb264a06f5f/index-f1-v1-a1.m3u8,373
1772101945,55,Tensei Oujo to Tensai Reijou no Mahou Kakumei Episode 7,https://haildrop77.pro/_v7/21cb0807784e5665c691b9f5cf5c4b196555ea6ebcc4aa92baa46f30836d2703001b92f9387e7f6284818bebd31cef27b88dd217f1e59764c3cca321341722bb083556814b6e04938a8851e53ced84a62167c99d4d1e0b1d20048036545bc6286860dc9b306b48fbe12d6680c1e2ad193e8e0666e031d747065db80ef9c4e697/index-f1-v1-a1.m3u8,373
1772102298,55,Tensei Oujo to Tensai Reijou no Mahou Kakumei Episode 8,https://tools.fast4speed.rsvp//media7/videos/Z6PNbEn378pmGhMAQ/sub/8,138
1772102902,55,Tensei Oujo to Tensai Reijou no Mahou Kakumei Episode 9,https://tools.fast4speed.rsvp//media7/videos/Z6PNbEn378pmGhMAQ/sub/9,138
1772103562,56,Tensei Oujo to Tensai Reijou no Mahou Kakumei Episode 10,https://tools.fast4speed.rsvp//media7/videos/Z6PNbEn378pmGhMAQ/sub/10,140
1772104013,56,Tensei Oujo to Tensai Reijou no Mahou Kakumei Episode 11,https://tools.fast4speed.rsvp//media7/videos/Z6PNbEn378pmGhMAQ/sub/11,140
1772104477,56,Tensei Oujo to Tensai Reijou no Mahou Kakumei Episode 12,https://tools.fast4speed.rsvp//media7/videos/Z6PNbEn378pmGhMAQ/sub/12,140
1772105121,21,Overlord IV Episode 2,https://tools.fast4speed.rsvp//media9/videos/8QmfuieDgpexMXjFb/sub/2?v=22,109
1772106133,21,Overlord IV Episode 3,https://stormshade84.live/_v7/4bfee78c4f9b6330d9922abcf46fa44d18a4e4fccff4143ef0613bafe8cc84fadab196ad67eeacd94cbf9f19255924e99d896087ae707a510587620dea5bb1f49b4d010cb0ae5141bff77b9c638d26dff68bf043dd5c7f8caa71237a5aca3aa46283d590a9a0189487172a9cccbc18deedef7afe1db3cba7365d0f8f2ba1fe0a/index-f1-v1-a1.m3u8,342
1772107079,21,Overlord IV Episode 4,https://tools.fast4speed.rsvp//media9/videos/8QmfuieDgpexMXjFb/sub/4?v=22,109
1772108308,21,Overlord IV Episode 5,https://tools.fast4speed.rsvp//media9/videos/8QmfuieDgpexMXjFb/sub/5?v=22,109
1772109786,21,Overlord IV Episode 6,https://video.wixstatic.com/video/415e21_498ebf612a334bc89122893a56026e79/1080p/mp4/file.mp4,128
1772110165,21,Overlord IV Episode 7,https://video.wixstatic.com/video/275ec2_73e62f2c14ad4dac877094c1a8682ad6/1080p/mp4/file.mp4,128
1772111296,21,Overlord IV Episode 8,https://video.wixstatic.com/video/a21dfa_8a7a9dd3580a4ed1b579b076d94e99ef/1080p/mp4/file.mp4,128
1772112577,21,Overlord IV Episode 9,https://tools.fast4speed.rsvp//media9/videos/8QmfuieDgpexMXjFb/sub/9?v=22,109
1772114596,22,Overlord IV Episode 10,https://video.wixstatic.com/video/b1c780_d966b577e826490abd75b31b7c52bd4c/1080p/mp4/file.mp4,129
1772115916,22,Overlord IV Episode 11,https://tools.fast4speed.rsvp//media9/videos/8QmfuieDgpexMXjFb/sub/11?v=22,111
1772117143,22,Overlord IV Episode 12,https://tools.fast4speed.rsvp//media9/videos/8QmfuieDgpexMXjFb/sub/12?v=22,111
1772118360,22,Overlord IV Episode 13,https://tools.fast4speed.rsvp//media9/videos/8QmfuieDgpexMXjFb/sub/13?v=22,111
1772196580,48,Jujutsu Kaisen Shimetsu Kaiyuu  Zenpen Episode 8,https://tools.fast4speed.rsvp//media9/videos/nxoR4KxgKwcawZvHr/sub/8_1772122518677?v=0.9,151
1772206688,36,Sousou no Frieren Season 2 Episode 4,https://tools.fast4speed.rsvp//media9/videos/qpeexkeTa7DzLjRnp/sub/4_1770390496261?v=1,137
1772224168,79,Hell Mode Yarikomizuki no Gamer wa Hai Settei no Isekai de Musou suru Episode 8,https://tools.fast4speed.rsvp//media9/videos/EQ6jEZRhYuXbr5r8j/sub/8_1772210932941?v=1,180
1772331169,27,Muchuu sa Kimi ni Episode 1,https://tools.fast4speed.rsvp//media9/videos/ngvue868pNNSXLjXX/sub/1_1755781697494?v=1,128
1772331776,50,Jingai Kyoushitsu no Ningengirai Kyoushi Episode 8,https://tools.fast4speed.rsvp//media9/videos/hewz7kp7BZycFnCnt/sub/8_1772293384758?v=1,151
1772333034,22,Dead Account Episode 8,https://tools.fast4speed.rsvp//media9/videos/N8vfYWogK5con2DzL/sub/8_1772293219548?v=1,123
1772403252,39,Majutsushi Kunon wa Mieteiru Episode 10,https://tools.fast4speed.rsvp//media9/videos/HBSB59ZzAMYMkLn3k/sub/10_1772374265419?v=1,141
1772404453,71,Kizoku Tensei Megumareta Umare kara Saikyou no Chikara wo Eru Episode 9,https://tools.fast4speed.rsvp//media9/videos/TAyB25nFsQhJLJBZs/sub/9_1772377716647?v=1,172
1772415601,66,Yuushakei ni Shosu Choubatsu Yuusha 9004tai Keimu Kiroku Episode 8,https://tools.fast4speed.rsvp//media9/videos/kSPn49uPxHaLzGxWw/sub/8_1772113217267?v=0.9,169
1772417196,29,Jigokuraku Season 2 Episode 8,https://tools.fast4speed.rsvp//media9/videos/SotouH8PudXAr27E2/sub/8_1772378815040?v=0.9,132
1772418391,35,Seihantai na Kimi to Boku Episode 1,https://tools.fast4speed.rsvp//media9/videos/8b4x3CtLbQmpKF5mw/sub/1_1768120817256?v=1,136
1772419960,35,Seihantai na Kimi to Boku Episode 2,https://tools.fast4speed.rsvp//media9/videos/8b4x3CtLbQmpKF5mw/sub/2_1768725741053?v=1,136
1772451259,35,Seihantai na Kimi to Boku Episode 3,https://tools.fast4speed.rsvp//media9/videos/8b4x3CtLbQmpKF5mw/sub/3_1769331016244?v=1,136
1772454447,35,Seihantai na Kimi to Boku Episode 4,https://tools.fast4speed.rsvp//media9/videos/8b4x3CtLbQmpKF5mw/sub/4_1769935446212?v=1,136
1772455748,35,Seihantai na Kimi to Boku Episode 5,https://tools.fast4speed.rsvp//media9/videos/8b4x3CtLbQmpKF5mw/sub/5_1770539539641?v=1,136
1772458628,35,Seihantai na Kimi to Boku Episode 6,https://tools.fast4speed.rsvp//media9/videos/8b4x3CtLbQmpKF5mw/sub/6_1771144957255?v=1,136
1772481775,25,Gabriel DropOut Episode 1,https://video.wixstatic.com/video/fbc195_bffc7444afe14ead994ec4e5a8f45185/1080p/mp4/file.mp4,132
1772561672,36,Sunoharasou no Kanrininsan Episode 1,https://tools.fast4speed.rsvp//media7/videos/mffezt2G2yuTqXP23/sub/1,119
1772562521,36,Sunoharasou no Kanrininsan Episode 2,https://tools.fast4speed.rsvp//media7/videos/mffezt2G2yuTqXP23/sub/2,119
1772649032,38,Shibou Yuugi de Meshi wo Kuu Episode 9,https://tools.fast4speed.rsvp//media9/videos/sFqyaeH5CEPKhz4EL/sub/9_1772635333227?v=0.9,141
1772649049,38,Shibou Yuugi de Meshi wo Kuu Episode 8,https://tools.fast4speed.rsvp//media9/videos/sFqyaeH5CEPKhz4EL/sub/8_1772030539247?v=0.9,141
1772649063,118,Okiraku Ryoushu no Tanoshii Ryouchi Bouei Seisankei Majutsu de Na mo Naki Mura wo Saikyou no Jousai Toshi ni Episode 9,https://tools.fast4speed.rsvp//media9/videos/Hhh2gPdPNY7DkCJPh/sub/9_1772630185216?v=1,220
1772650265,49,Yuusha Party wo Oidasareta Kiyoubinbou Episode 10,https://tools.fast4speed.rsvp//media9/videos/3At7MvfG8rxueDkXv/sub/10_1772636898203?v=1,151
1772715536,45,Ore wo Suki nano wa Omae dake ka yo Episode 1,https://video.wixstatic.com/video/dbdf28_2d0ea2f1511441229a9917a1d47584f8/1080p/mp4/file.mp4,152
1772716513,45,Ore wo Suki nano wa Omae dake ka yo Episode 2,https://video.wixstatic.com/video/6a76d8_8bc0b11d1b23419aa97b1dab58546c1f/1080p/mp4/file.mp4,152
1772717421,45,Ore wo Suki nano wa Omae dake ka yo Episode 3,https://video.wixstatic.com/video/1f6663_1b6e75db2e3f426c95c5d28016076131/1080p/mp4/file.mp4,152
1772718368,45,Ore wo Suki nano wa Omae dake ka yo Episode 4,https://video.wixstatic.com/video/6a4d09_06a02a68dbb5490bbbe1029f528c5124/1080p/mp4/file.mp4,152
1772719231,45,Ore wo Suki nano wa Omae dake ka yo Episode 5,https://video.wixstatic.com/video/399eb0_a90110bd15134cb693f98594f4f93a01/1080p/mp4/file.mp4,152
1772720680,45,Ore wo Suki nano wa Omae dake ka yo Episode 6,https://video.wixstatic.com/video/3745bd_d8c8806823b34fbc8406b5a16092b6c5/1080p/mp4/file.mp4,152
1772721602,45,Ore wo Suki nano wa Omae dake ka yo Episode 7,https://video.wixstatic.com/video/a201d9_3004dba9b1fc49888d489cb9437c6e6e/1080p/mp4/file.mp4,152
1772724634,45,Ore wo Suki nano wa Omae dake ka yo Episode 8,https://video.wixstatic.com/video/3fa1c8_25963df961e3457ab83a8bff03786553/1080p/mp4/file.mp4,152
1772725715,45,Ore wo Suki nano wa Omae dake ka yo Episode 9,https://video.wixstatic.com/video/bba573_cd6b241960184410a88c9f9737967b19/1080p/mp4/file.mp4,152
1772726406,47,Ore wo Suki nano wa Omae dake ka yo Episode 9.5,https://video.wixstatic.com/video/7ab2cf_50a0d23e5eaf4111aa3004b95f840609/1080p/mp4/file.mp4,154
1772726443,46,Ore wo Suki nano wa Omae dake ka yo Episode 10,https://video.wixstatic.com/video/f666f8_8922634defda41b9b001d977057fccff/1080p/mp4/file.mp4,153
1772732237,46,Ore wo Suki nano wa Omae dake ka yo Episode 11,https://video.wixstatic.com/video/886a6a_208d554b7ee4440397485c276ffffe7c/1080p/mp4/file.mp4,153
1772733252,46,Ore wo Suki nano wa Omae dake ka yo Episode 12,https://video.wixstatic.com/video/3ff301_65f7929c1f8144bcb540b9378540d961/1080p/mp4/file.mp4,153
1772744799,48,Jujutsu Kaisen Shimetsu Kaiyuu  Zenpen Episode 9,https://tools.fast4speed.rsvp//media9/videos/nxoR4KxgKwcawZvHr/sub/9_1772727219706?v=0.2,151
1772746146,48,Jujutsu Kaisen Shimetsu Kaiyuu  Zenpen Episode 9,https://tools.fast4speed.rsvp//media9/videos/nxoR4KxgKwcawZvHr/sub/9_1772727219706?v=0.2,151
1772746163,48,Jujutsu Kaisen Shimetsu Kaiyuu  Zenpen Episode 8,https://tools.fast4speed.rsvp//media9/videos/nxoR4KxgKwcawZvHr/sub/8_1772122518677?v=0.9,151
1772746167,48,Jujutsu Kaisen Shimetsu Kaiyuu  Zenpen Episode 9,https://fogtwist21.xyz/_v7/5a41224cabc503d81d58c70eb948f66d308af8efa8db3b9a90cab99461a3b4f4acf78a3f21c32f0bb3ef35fefc63beeaac9099131d26a996aa8b03edec945a42598cf39bf32fc64f5606cbcd48fe5332c2dda82d16caf20522e23114d91e43bda20b85deefe2133339b8fb238bfe4f00306940bba1d13d79b636c3ab6a32d1a0/index-f1-v1-a1.m3u8,366
1772779849,28,Gakuen Babysitters Episode 1,https://video.wixstatic.com/video/dcdd21_c3826589582d4982992a1bfb96e3ab97/1080p/mp4/file.mp4,135
1772780745,28,Gakuen Babysitters Episode 2,https://video.wixstatic.com/video/ae9623_110cb214f2e34e56bd311213839602d7/1080p/mp4/file.mp4,135
1772781422,28,Gakuen Babysitters Episode 3,https://video.wixstatic.com/video/629d56_9fbb8a182fb848c5ba28ee02e21d631a/1080p/mp4/file.mp4,135
1772782177,28,Gakuen Babysitters Episode 4,https://video.wixstatic.com/video/63bb15_fe3e18f2f43048f9ade08b5978025f59/1080p/mp4/file.mp4,135
1772837226,79,Hell Mode Yarikomizuki no Gamer wa Hai Settei no Isekai de Musou suru Episode 9,https://tools.fast4speed.rsvp//media9/videos/EQ6jEZRhYuXbr5r8j/sub/9_1772830830233?v=1,180
1772847097,66,Yuushakei ni Shosu Choubatsu Yuusha 9004tai Keimu Kiroku Episode 9,https://tools.fast4speed.rsvp//media9/videos/kSPn49uPxHaLzGxWw/sub/9_1772719896082?v=0.9,169
1772888791,37,Nozomanu Fushi no Boukensha Episode 1,https://tools.fast4speed.rsvp//media8/videos/7ukoqggR93e4JgX6W/sub/1,120
1772889800,37,Nozomanu Fushi no Boukensha Episode 2,https://tools.fast4speed.rsvp//media8/videos/7ukoqggR93e4JgX6W/sub/2,120
1772890359,37,Nozomanu Fushi no Boukensha Episode 3,https://tools.fast4speed.rsvp//media8/videos/7ukoqggR93e4JgX6W/sub/3,120
1772891328,37,Nozomanu Fushi no Boukensha Episode 4,https://haildrop77.pro/_v7/112e2af5c31a94c92a298df81cb5380dcfc42dd1349659141792e2ff4812d54a110c8544cc923ef5fe4333e5430303e729ad5310f1837d809e35a6e7e57faec1f9f336e8ecf282702f0329d800c1b280b14bfdcde3c587babcfdf2c97da9907835a480f40d19be60434305eae3c479b578995a2e0bff4371238385f76030460c/index-f1-v1-a1.m3u8,355
1772892618,37,Nozomanu Fushi no Boukensha Episode 5,https://tools.fast4speed.rsvp//media8/videos/7ukoqggR93e4JgX6W/sub/5,120
1772893425,37,Nozomanu Fushi no Boukensha Episode 6,https://stormshade84.live/_v7/8bdca5a2eb7b8e61a530cb1f91a8e912f23dd8ebb8d63e0f9a74620c94c2b5f9d00c6e293d95e2b1745ed2e71bf4da6b90f6dcfc863a3aac6ebef3f1490dd008823d82d6d7a15b51c51f1dd952f440308e334bbe034bd3a0dc8a84f222742ec56bdbae764592dfd1b1330475a724c2899b2328d7075082c041e5957f777b20b3/index-f1-v1-a1.m3u8,358
1772894296,37,Nozomanu Fushi no Boukensha Episode 7,https://tools.fast4speed.rsvp//media8/videos/7ukoqggR93e4JgX6W/sub/7,120
1772895235,37,Nozomanu Fushi no Boukensha Episode 8,https://tools.fast4speed.rsvp//media8/videos/7ukoqggR93e4JgX6W/sub/8,120
1772897630,37,Nozomanu Fushi no Boukensha Episode 9,https://tools.fast4speed.rsvp//media8/videos/7ukoqggR93e4JgX6W/sub/9,120
1772898879,38,Nozomanu Fushi no Boukensha Episode 10,https://tools.fast4speed.rsvp//media8/videos/7ukoqggR93e4JgX6W/sub/10,122
1772900206,38,Nozomanu Fushi no Boukensha Episode 11,https://tools.fast4speed.rsvp//media8/videos/7ukoqggR93e4JgX6W/sub/11,122
1772901378,38,Nozomanu Fushi no Boukensha Episode 12,https://tools.fast4speed.rsvp//media8/videos/7ukoqggR93e4JgX6W/sub/12,122
1772907444,50,Jingai Kyoushitsu no Ningengirai Kyoushi Episode 9,https://tools.fast4speed.rsvp//media9/videos/hewz7kp7BZycFnCnt/sub/9_1772898210214?v=1,151
1772908358,55,Maougun Saikyou no Majutsushi wa Ningen datta Episode 1,https://tools.fast4speed.rsvp//media8/videos/orNA54BecxDNf2NbY/sub/1,138
1772909550,55,Maougun Saikyou no Majutsushi wa Ningen datta Episode 2,https://tools.fast4speed.rsvp//media8/videos/orNA54BecxDNf2NbY/sub/2,138
1772910524,55,Maougun Saikyou no Majutsushi wa Ningen datta Episode 3,https://tools.fast4speed.rsvp//media8/videos/orNA54BecxDNf2NbY/sub/3,138
1772911519,55,Maougun Saikyou no Majutsushi wa Ningen datta Episode 4,https://tools.fast4speed.rsvp//media8/videos/orNA54BecxDNf2NbY/sub/4,138
1772912483,55,Maougun Saikyou no Majutsushi wa Ningen datta Episode 4,https://tools.fast4speed.rsvp//media8/videos/orNA54BecxDNf2NbY/sub/4,138
1772912517,55,Maougun Saikyou no Majutsushi wa Ningen datta Episode 6,https://tools.fast4speed.rsvp//media9/videos/orNA54BecxDNf2NbY/sub/6,138
1772912539,55,Maougun Saikyou no Majutsushi wa Ningen datta Episode 5,https://myanime.sharepoint.com/sites/chartlousty/_layouts/15/download.aspx?share=IQBhF%2DKmcLSLTZ7LoSmezRpsARiIRCJE7PP6%5FLDDXKxqQ7w,202
1772916850,55,Maougun Saikyou no Majutsushi wa Ningen datta Episode 6,https://tools.fast4speed.rsvp//media9/videos/orNA54BecxDNf2NbY/sub/6,138
1772917938,55,Maougun Saikyou no Majutsushi wa Ningen datta Episode 7,https://tools.fast4speed.rsvp//media9/videos/orNA54BecxDNf2NbY/sub/7,138
1772918869,55,Maougun Saikyou no Majutsushi wa Ningen datta Episode 8,https://tools.fast4speed.rsvp//media9/videos/orNA54BecxDNf2NbY/sub/8,138
1772927426,55,Maougun Saikyou no Majutsushi wa Ningen datta Episode 9,https://tools.fast4speed.rsvp//media9/videos/orNA54BecxDNf2NbY/sub/9,138
1772928420,56,Maougun Saikyou no Majutsushi wa Ningen datta Episode 10,https://fogtwist21.xyz/_v7/6bd291edc436bcdf5f4514dac45963c6151f768b9a109765cfe1e5e64a6c4cab3eee97abbb08d144aa18a6abec90cdf9750603f4f1b85351359534dad554bdfdd226a6ab4b18b2b43c969d68698ee66cf914989c0d4dbf2d716d26ab5941b8e8b0da90f577bb0831f73321b31155c9811c9afa290681dee0ac33db49f8814c4e/index-f1-v1-a1.m3u8,374
1772929164,56,Maougun Saikyou no Majutsushi wa Ningen datta Episode 11,https://crimsonstorm18.pro/_v7/08b75060bcfeb82de5010474302d747424f008b570c0b1790dbcd0dcff347bfaf4547b802aed37c7c39d996f339f2885d07339ab5b819afdd251dd980e61a265f06fc389002c4cd7b8e581114eebb1856a99ec870c2cf61992a5b4b647a849a79ab55b4fc75a595f7f22b0a1b933dd7aaf6c6c056d5fac955ddedcd1b09ffada/index-f1-v1-a1.m3u8,378
1772929607,56,Maougun Saikyou no Majutsushi wa Ningen datta Episode 12,https://tools.fast4speed.rsvp//media9/videos/orNA54BecxDNf2NbY/sub/12,140
